MAP
  EXTENT -180 -90 180 90
  IMAGETYPE "png"
  NAME "QGIS-MAP"
  STATUS ON
  UNITS DD
  FONTSET "/var/wmm/fonts.list"

  OUTPUTFORMAT
    NAME "png"
    MIMETYPE "image/png"
    DRIVER "AGG/PNG"
    EXTENSION "png"
    IMAGEMODE RGBA
    TRANSPARENT TRUE
  END # OUTPUTFORMAT

  PROJECTION
    "proj=longlat"
    "ellps=WGS84"
    "datum=WGS84"
    "no_defs"
  END # PROJECTION

  WEB
    FOOTER ""
    HEADER ""
    TEMPPATH ""
    METADATA
      "ows_onlineresource"  "http://vires.eox.at/ows"
      "ows_enable_request"  "*"
      "ows_srs" "EPSG:4326"
      "ows_title"   "QGIS-MAP"
    END # METADATA
    #TEMPLATE "[templatepath]"
  END # WEB



  ############################
  ## start layer definition ##
  ############################
  LAYER
    METADATA
      "ows_title"   "Declination"
      "wmm_product" "Decl"
      "wmm_flavor"  "1"
    END # METADATA
    NAME "Declination"
    PROJECTION
      "init=epsg:4326"
    END
    STATUS ON
    TILEITEM "location"
    TYPE LINE

    PROCESSING "CLOSE_CONNECTION=DEFER"
    LABELITEM 'elev'

    CLASS
      TEXT (tostring([elev],"%.0f"))
      EXPRESSION ( ([elev]  > -180) And ([elev]  < 0) And ([elev] % 5 = 0))
      STYLE
        COLOR "#999999aa"
        OFFSET 0 0
        WIDTH 4
      END # STYLE
      STYLE
        COLOR 5 113 176
        WIDTH 2
      END # STYLE
      LABEL
        ANTIALIAS TRUE
        ANGLE FOLLOW
        FONT "DejaVuSans"
        SIZE 10
        OUTLINECOLOR "#222222"
        OUTLINEWIDTH 2
        COLOR "#ffffff"
        BUFFER 20
        OFFSET 0 0
        POSITION CC
        PRIORITY 5
        SHADOWSIZE 1 1
        TYPE TRUETYPE
      END # LABEL
    END # CLASS

    CLASS
      NAME "-180.0000 - 1"
      EXPRESSION ( ([elev]  > -180) And ([elev]  < 0)) 
      STYLE
        COLOR "#999999aa"
        OFFSET 0 0
        WIDTH 2
      END # STYLE
      STYLE
        COLOR 5 113 176
        WIDTH 1
      END # STYLE
    END # CLASS

    CLASS
      NAME "0"
      EXPRESSION ( ([elev]  = 0)) 
      STYLE
        COLOR "#999999aa"
        OFFSET 0 0
        WIDTH 4
      END # STYLE
      STYLE
        COLOR "#33cc33"
        WIDTH 2
      END # STYLE
      TEXT (tostring([elev],"%.0f"))
      LABEL
        ANTIALIAS TRUE
        ANGLE FOLLOW
        FONT "DejaVuSans"
        SIZE 10
        OUTLINECOLOR "#222222"
        OUTLINEWIDTH 2
        COLOR "#ffffff"
        BUFFER 20
        OFFSET 0 0
        POSITION CC
        PRIORITY 5
        SHADOWSIZE 1 1
        TYPE TRUETYPE
      END # LABEL
    END # CLASS

    CLASS
      EXPRESSION ( ([elev]  > 0) And ([elev]  <= 180) And ([elev] % 5 = 0))
      STYLE
        COLOR "#999999aa"
        OFFSET 0 0
        WIDTH 4
      END # STYLE
      STYLE
        COLOR 202 0 32
       WIDTH 2
      END # STYLE
      TEXT (tostring([elev],"%.0f"))
      LABEL
        ANTIALIAS TRUE
        ANGLE FOLLOW
        FONT "DejaVuSans"
        SIZE 10
        OUTLINECOLOR "#222222"
        OUTLINEWIDTH 2
        COLOR "#ffffff"
        BUFFER 20
        OFFSET 0 0
        POSITION CC
        PRIORITY 5
        SHADOWSIZE 1 1
        TYPE TRUETYPE
      END # LABEL
    END # CLASS

    CLASS
      NAME "1 - 180.0000"
      EXPRESSION ( ([elev]  > 0) And ([elev]  <= 180))
      STYLE
        COLOR "#999999aa"
        OFFSET 0 0
        WIDTH 2
      END # STYLE
      STYLE
        COLOR 202 0 32
        WIDTH 1 
      END # STYLE
    END # CLASS

 
  END # LAYER
  ##########################
  ## end layer definition ##
  ##########################


  ############################
  ## start layer definition ##
  ############################
  LAYER
    METADATA
      "ows_title"   "Inclination"
      "wmm_product" "Incl"
      "wmm_flavor"  "1"
    END # METADATA
    NAME "Inclination"
    PROJECTION
      "proj=longlat"
      "ellps=WGS84"
      "no_defs"
    END # PROJECTION
    STATUS ON
    TILEITEM "location"
    TYPE LINE

    PROCESSING "CLOSE_CONNECTION=DEFER"
    LABELITEM 'elev'

    CLASS
      TEXT (tostring([elev],"%.0f"))
      EXPRESSION ( ([elev]  > -180) And ([elev]  < 0) And ([elev] % 5 = 0))
      STYLE
        COLOR "#999999aa"
        OFFSET 0 0
        WIDTH 4
      END # STYLE
      STYLE
        COLOR 5 113 176
        WIDTH 2
      END # STYLE
      LABEL
        ANTIALIAS TRUE
        ANGLE FOLLOW
        FONT "DejaVuSans"
        SIZE 10
        OUTLINECOLOR "#222222"
        OUTLINEWIDTH 2
        COLOR "#ffffff"
        BUFFER 20
        OFFSET 0 0
        POSITION CC
        PRIORITY 5
        SHADOWSIZE 1 1
        TYPE TRUETYPE
      END # LABEL
    END # CLASS

    CLASS
      NAME "-180.0000 - 1"
      EXPRESSION ( ([elev]  > -180) And ([elev]  < 0)) 
      STYLE
        COLOR "#999999aa"
        OFFSET 0 0
        WIDTH 2
      END # STYLE
      STYLE
        COLOR 5 113 176
        WIDTH 1
      END # STYLE
    END # CLASS

    CLASS
      NAME "0"
      EXPRESSION ( ([elev]  = 0)) 
      STYLE
        COLOR "#999999aa"
        OFFSET 0 0
        WIDTH 4
      END # STYLE
      STYLE
        COLOR "#33cc33"
        WIDTH 2
      END # STYLE
      TEXT (tostring([elev],"%.0f"))
      LABEL
        ANTIALIAS TRUE
        ANGLE FOLLOW
        FONT "DejaVuSans"
        SIZE 10
        OUTLINECOLOR "#222222"
        OUTLINEWIDTH 2
        COLOR "#ffffff"
        BUFFER 20
        OFFSET 0 0
        POSITION CC
        PRIORITY 5
        SHADOWSIZE 1 1
        TYPE TRUETYPE
      END # LABEL
    END # CLASS

    CLASS
      EXPRESSION ( ([elev]  > 0) And ([elev]  <= 180) And ([elev] % 5 = 0))
      STYLE
        COLOR "#999999aa"
        OFFSET 0 0
        WIDTH 4
      END # STYLE
      STYLE
        COLOR 202 0 32
       WIDTH 2
      END # STYLE
      TEXT (tostring([elev],"%.0f"))
      LABEL
        ANTIALIAS TRUE
        ANGLE FOLLOW
        FONT "DejaVuSans"
        SIZE 10
        OUTLINECOLOR "#222222"
        OUTLINEWIDTH 2
        COLOR "#ffffff"
        BUFFER 20
        OFFSET 0 0
        POSITION CC
        PRIORITY 5
        SHADOWSIZE 1 1
        TYPE TRUETYPE
      END # LABEL
    END # CLASS

    CLASS
      NAME "1 - 180.0000"
      EXPRESSION ( ([elev]  > 0) And ([elev]  <= 180))
      STYLE
        COLOR "#999999aa"
        OFFSET 0 0
        WIDTH 2
      END # STYLE
      STYLE
        COLOR 202 0 32
        WIDTH 1 
      END # STYLE
    END # CLASS

 
  END # LAYER
  ##########################
  ## end layer definition ##
  ##########################


  ############################
  ## start layer definition ##
  ############################
  LAYER
    METADATA
      "ows_title"   "F"
      "wmm_product" "F"
      "wmm_flavor"  "2"
    END # METADATA
    NAME "F"
    PROJECTION
      "proj=longlat"
      "ellps=WGS84"
      "no_defs"
    END # PROJECTION
    STATUS ON
    TILEITEM "location"
    TYPE LINE

    PROCESSING "CLOSE_CONNECTION=DEFER"
    LABELITEM 'elev'

    CLASS
      EXPRESSION ( ([elev]  > 20000) And ([elev]  <= 70000) And ([elev] % 5000 = 0))
      STYLE
        COLOR "#999999aa"
        OFFSET 0 0
        WIDTH 4
      END # STYLE
      STYLE
        COLOR 202 0 32
       WIDTH 2
      END # STYLE
      TEXT (tostring([elev],"%.0f"))
      LABEL
        ANTIALIAS TRUE
        ANGLE FOLLOW
        FONT "DejaVuSans"
        SIZE 10
        OUTLINECOLOR "#222222"
        OUTLINEWIDTH 2
        COLOR "#ffffff"
        BUFFER 20
        OFFSET 0 0
        POSITION CC
        PRIORITY 5
        SHADOWSIZE 1 1
        TYPE TRUETYPE
      END # LABEL
    END # CLASS

    CLASS
      NAME "1 - 180.0000"
      EXPRESSION ( ([elev]  > 20000) And ([elev]  <= 70000))
      STYLE
        COLOR "#999999aa"
        OFFSET 0 0
        WIDTH 2
      END # STYLE
      STYLE
        COLOR 202 0 32
        WIDTH 1 
      END # STYLE
    END # CLASS

 
  END # LAYER
  ##########################
  ## end layer definition ##
  ##########################


  ############################
  ## start layer definition ##
  ############################
  LAYER
    METADATA
      "ows_title"   "H"
      "wmm_product" "H"
      "wmm_flavor"  "2"
    END # METADATA
    NAME "H"
    PROJECTION
      "proj=longlat"
      "ellps=WGS84"
      "no_defs"
    END # PROJECTION
    STATUS ON
    TILEITEM "location"
    TYPE LINE

    PROCESSING "CLOSE_CONNECTION=DEFER"
    LABELITEM 'elev'

    CLASS
      EXPRESSION ( ([elev]  > 0) And ([elev]  <= 45000) And ([elev] % 5000 = 0))
      STYLE
        COLOR "#999999aa"
        OFFSET 0 0
        WIDTH 4
      END # STYLE
      STYLE
        COLOR 202 0 32
       WIDTH 2
      END # STYLE
      TEXT (tostring([elev],"%.0f"))
      LABEL
        ANTIALIAS TRUE
        ANGLE FOLLOW
        FONT "DejaVuSans"
        SIZE 10
        OUTLINECOLOR "#222222"
        OUTLINEWIDTH 2
        COLOR "#ffffff"
        BUFFER 20
        OFFSET 0 0
        POSITION CC
        PRIORITY 5
        SHADOWSIZE 1 1
        TYPE TRUETYPE
      END # LABEL
    END # CLASS

    CLASS
      NAME "1 - 180.0000"
      EXPRESSION ( ([elev]  > 0) And ([elev]  <= 45000))
      STYLE
        COLOR "#999999aa"
        OFFSET 0 0
        WIDTH 2
      END # STYLE
      STYLE
        COLOR 202 0 32
        WIDTH 1 
      END # STYLE
    END # CLASS

 
  END # LAYER
  ##########################
  ## end layer definition ##
  ##########################


  ############################
  ## start layer definition ##
  ############################
  LAYER
    METADATA
      "ows_title"   "X"
      "wmm_product" "X"
      "wmm_flavor"  "2"
    END # METADATA
    NAME "X"
    PROJECTION
      "proj=longlat"
      "ellps=WGS84"
      "no_defs"
    END # PROJECTION
    STATUS ON
    TILEITEM "location"
    TYPE LINE

    PROCESSING "CLOSE_CONNECTION=DEFER"
    LABELITEM 'elev'

    CLASS
      TEXT (tostring([elev],"%.0f"))
      EXPRESSION ( ([elev]  > -45000) And ([elev]  < 0) And ([elev] % 5000 = 0))
      STYLE
        COLOR "#999999aa"
        OFFSET 0 0
        WIDTH 4
      END # STYLE
      STYLE
        COLOR 5 113 176
        WIDTH 2
      END # STYLE
      LABEL
        ANTIALIAS TRUE
        ANGLE FOLLOW
        FONT "DejaVuSans"
        SIZE 10
        OUTLINECOLOR "#222222"
        OUTLINEWIDTH 2
        COLOR "#ffffff"
        BUFFER 20
        OFFSET 0 0
        POSITION CC
        PRIORITY 5
        SHADOWSIZE 1 1
        TYPE TRUETYPE
      END # LABEL
    END # CLASS

    CLASS
      NAME "-180.0000 - 1"
      EXPRESSION ( ([elev]  > -45000) And ([elev]  < 0)) 
      STYLE
        COLOR "#999999aa"
        OFFSET 0 0
        WIDTH 2
      END # STYLE
      STYLE
        COLOR 5 113 176
        WIDTH 1
      END # STYLE
    END # CLASS

    CLASS
      NAME "0"
      EXPRESSION ( ([elev]  = 0)) 
      STYLE
        COLOR "#999999aa"
        OFFSET 0 0
        WIDTH 4
      END # STYLE
      STYLE
        COLOR "#33cc33"
        WIDTH 2
      END # STYLE
      TEXT (tostring([elev],"%.0f"))
      LABEL
        ANTIALIAS TRUE
        ANGLE FOLLOW
        FONT "DejaVuSans"
        SIZE 10
        OUTLINECOLOR "#222222"
        OUTLINEWIDTH 2
        COLOR "#ffffff"
        BUFFER 20
        OFFSET 0 0
        POSITION CC
        PRIORITY 5
        SHADOWSIZE 1 1
        TYPE TRUETYPE
      END # LABEL
    END # CLASS

    CLASS
      EXPRESSION ( ([elev]  > 0) And ([elev]  <= 45000) And ([elev] % 5000 = 0))
      STYLE
        COLOR "#999999aa"
        OFFSET 0 0
        WIDTH 4
      END # STYLE
      STYLE
        COLOR 202 0 32
       WIDTH 2
      END # STYLE
      TEXT (tostring([elev],"%.0f"))
      LABEL
        ANTIALIAS TRUE
        ANGLE FOLLOW
        FONT "DejaVuSans"
        SIZE 10
        OUTLINECOLOR "#222222"
        OUTLINEWIDTH 2
        COLOR "#ffffff"
        BUFFER 20
        OFFSET 0 0
        POSITION CC
        PRIORITY 5
        SHADOWSIZE 1 1
        TYPE TRUETYPE
      END # LABEL
    END # CLASS

    CLASS
      NAME "1 - 180.0000"
      EXPRESSION ( ([elev]  > 0) And ([elev]  <= 45000))
      STYLE
        COLOR "#999999aa"
        OFFSET 0 0
        WIDTH 2
      END # STYLE
      STYLE
        COLOR 202 0 32
        WIDTH 1 
      END # STYLE
    END # CLASS

 
  END # LAYER
  ##########################
  ## end layer definition ##
  ##########################


  ############################
  ## start layer definition ##
  ############################
  LAYER
    METADATA
      "ows_title"   "Y"
      "wmm_product" "Y"
      "wmm_flavor"  "2"
    END # METADATA
    NAME "Y"
    PROJECTION
      "proj=longlat"
      "ellps=WGS84"
      "no_defs"
    END # PROJECTION
    STATUS ON
    TILEITEM "location"
    TYPE LINE

    PROCESSING "CLOSE_CONNECTION=DEFER"
    LABELITEM 'elev'

    CLASS
      TEXT (tostring([elev],"%.0f"))
      EXPRESSION ( ([elev]  > -20000) And ([elev]  < 0) And ([elev] % 5000 = 0))
      STYLE
        COLOR "#999999aa"
        OFFSET 0 0
        WIDTH 4
      END # STYLE
      STYLE
        COLOR 5 113 176
        WIDTH 2
      END # STYLE
      LABEL
        ANTIALIAS TRUE
        ANGLE FOLLOW
        FONT "DejaVuSans"
        SIZE 10
        OUTLINECOLOR "#222222"
        OUTLINEWIDTH 2
        COLOR "#ffffff"
        BUFFER 20
        OFFSET 0 0
        POSITION CC
        PRIORITY 5
        SHADOWSIZE 1 1
        TYPE TRUETYPE
      END # LABEL
    END # CLASS

    CLASS
      NAME "-180.0000 - 1"
      EXPRESSION ( ([elev]  > -20000) And ([elev]  < 0)) 
      STYLE
        COLOR "#999999aa"
        OFFSET 0 0
        WIDTH 2
      END # STYLE
      STYLE
        COLOR 5 113 176
        WIDTH 1
      END # STYLE
    END # CLASS

    CLASS
      NAME "0"
      EXPRESSION ( ([elev]  = 0)) 
      STYLE
        COLOR "#999999aa"
        OFFSET 0 0
        WIDTH 4
      END # STYLE
      STYLE
        COLOR "#33cc33"
        WIDTH 2
      END # STYLE
      TEXT (tostring([elev],"%.0f"))
      LABEL
        ANTIALIAS TRUE
        ANGLE FOLLOW
        FONT "DejaVuSans"
        SIZE 10
        OUTLINECOLOR "#222222"
        OUTLINEWIDTH 2
        COLOR "#ffffff"
        BUFFER 20
        OFFSET 0 0
        POSITION CC
        PRIORITY 5
        SHADOWSIZE 1 1
        TYPE TRUETYPE
      END # LABEL
    END # CLASS

    CLASS
      EXPRESSION ( ([elev]  > 0) And ([elev]  <= 20000) And ([elev] % 5000 = 0))
      STYLE
        COLOR "#999999aa"
        OFFSET 0 0
        WIDTH 4
      END # STYLE
      STYLE
        COLOR 202 0 32
       WIDTH 2
      END # STYLE
      TEXT (tostring([elev],"%.0f"))
      LABEL
        ANTIALIAS TRUE
        ANGLE FOLLOW
        FONT "DejaVuSans"
        SIZE 10
        OUTLINECOLOR "#222222"
        OUTLINEWIDTH 2
        COLOR "#ffffff"
        BUFFER 20
        OFFSET 0 0
        POSITION CC
        PRIORITY 5
        SHADOWSIZE 1 1
        TYPE TRUETYPE
      END # LABEL
    END # CLASS

    CLASS
      NAME "1 - 180.0000"
      EXPRESSION ( ([elev]  > 0) And ([elev]  <= 20000))
      STYLE
        COLOR "#999999aa"
        OFFSET 0 0
        WIDTH 2
      END # STYLE
      STYLE
        COLOR 202 0 32
        WIDTH 1 
      END # STYLE
    END # CLASS

 
  END # LAYER
  ##########################
  ## end layer definition ##
  ##########################


  ############################
  ## start layer definition ##
  ############################
  LAYER
    METADATA
      "ows_title"   "Z"
      "wmm_product" "Z"
      "wmm_flavor"  "2"
    END # METADATA
    NAME "Z"
    PROJECTION
      "proj=longlat"
      "ellps=WGS84"
      "no_defs"
    END # PROJECTION
    STATUS ON
    TILEITEM "location"
    TYPE LINE

    PROCESSING "CLOSE_CONNECTION=DEFER"
    LABELITEM 'elev'

    CLASS
      TEXT (tostring([elev],"%.0f"))
      EXPRESSION ( ([elev]  > -70000) And ([elev]  < 0) And ([elev] % 5000 = 0))
      STYLE
        COLOR "#999999aa"
        OFFSET 0 0
        WIDTH 4
      END # STYLE
      STYLE
        COLOR 5 113 176
        WIDTH 2
      END # STYLE
      LABEL
        ANTIALIAS TRUE
        ANGLE FOLLOW
        FONT "DejaVuSans"
        SIZE 10
        OUTLINECOLOR "#222222"
        OUTLINEWIDTH 2
        COLOR "#ffffff"
        BUFFER 20
        OFFSET 0 0
        POSITION CC
        PRIORITY 5
        SHADOWSIZE 1 1
        TYPE TRUETYPE
      END # LABEL
    END # CLASS

    CLASS
      NAME "-180.0000 - 1"
      EXPRESSION ( ([elev]  > -70000) And ([elev]  < 0)) 
      STYLE
        COLOR "#999999aa"
        OFFSET 0 0
        WIDTH 2
      END # STYLE
      STYLE
        COLOR 5 113 176
        WIDTH 1
      END # STYLE
    END # CLASS

    CLASS
      NAME "0"
      EXPRESSION ( ([elev]  = 0)) 
      STYLE
        COLOR "#999999aa"
        OFFSET 0 0
        WIDTH 4
      END # STYLE
      STYLE
        COLOR "#33cc33"
        WIDTH 2
      END # STYLE
      TEXT (tostring([elev],"%.0f"))
      LABEL
        ANTIALIAS TRUE
        ANGLE FOLLOW
        FONT "DejaVuSans"
        SIZE 10
        OUTLINECOLOR "#222222"
        OUTLINEWIDTH 2
        COLOR "#ffffff"
        BUFFER 20
        OFFSET 0 0
        POSITION CC
        PRIORITY 5
        SHADOWSIZE 1 1
        TYPE TRUETYPE
      END # LABEL
    END # CLASS

    CLASS
      EXPRESSION ( ([elev]  > 0) And ([elev]  <= 70000) And ([elev] % 5000 = 0))
      STYLE
        COLOR "#999999aa"
        OFFSET 0 0
        WIDTH 4
      END # STYLE
      STYLE
        COLOR 202 0 32
       WIDTH 2
      END # STYLE
      TEXT (tostring([elev],"%.0f"))
      LABEL
        ANTIALIAS TRUE
        ANGLE FOLLOW
        FONT "DejaVuSans"
        SIZE 10
        OUTLINECOLOR "#222222"
        OUTLINEWIDTH 2
        COLOR "#ffffff"
        BUFFER 20
        OFFSET 0 0
        POSITION CC
        PRIORITY 5
        SHADOWSIZE 1 1
        TYPE TRUETYPE
      END # LABEL
    END # CLASS

    CLASS
      NAME "1 - 180.0000"
      EXPRESSION ( ([elev]  > 0) And ([elev]  <= 70000))
      STYLE
        COLOR "#999999aa"
        OFFSET 0 0
        WIDTH 2
      END # STYLE
      STYLE
        COLOR 202 0 32
        WIDTH 1 
      END # STYLE
    END # CLASS

 
  END # LAYER
  ##########################
  ## end layer definition ##
  ##########################

END # MAP

