MAP
  EXTENT -180 -90 180 90
  IMAGETYPE "png"
  NAME "QGIS-MAP"
  STATUS ON
  UNITS DD

  OUTPUTFORMAT
    NAME "png"
    MIMETYPE "image/png"
    DRIVER "AGG/PNG"
    EXTENSION "png"
    IMAGEMODE RGB
    TRANSPARENT TRUE
  END # OUTPUTFORMAT

  PROJECTION
    "proj=longlat"
    "ellps=WGS84"
    "datum=WGS84"
    "no_defs"
  END # PROJECTION

  WEB
    FOOTER ""
    HEADER ""
    TEMPPATH ""
    METADATA
      "ows_onlineresource"  "http://data.eox.at/goce_ows"
      "ows_enable_request"  "*"
      "ows_srs" "EPSG:4326"
      "ows_title"   "QGIS-MAP"
    END # METADATA
    #TEMPLATE "[templatepath]"
  END # WEB



  ############################
  ## start layer definition ##
  ############################
  LAYER
    METADATA
      "ows_title"   "Declination"
      "wmm_product" "Decl"
    END # METADATA
    NAME "Declination"
    PROJECTION
      "proj=longlat"
      "ellps=WGS84"
      "no_defs"
    END # PROJECTION
    STATUS ON
    TILEITEM "location"
    TYPE LINE

    CLASS
      NAME "-180.0000 - -140.0000"
      EXPRESSION ( ([elev]  > -180) And ([elev]  <= -140)) 
      STYLE
        COLOR 5 113 176
        WIDTH 1
      END # STYLE
      STYLE
        COLOR "#3939397f"
        OFFSET 0 -99
        WIDTH 0.3
      END # STYLE
    END # CLASS
    CLASS
      NAME "-140.0000 - -100.0000"
      EXPRESSION ( ([elev]  > -140) And ([elev]  <= -100)) 
      STYLE
        COLOR 75 155 199
        WIDTH 1
      END # STYLE
      STYLE
        COLOR "#3939397f"
        OFFSET 0 -99
        WIDTH 0.3
      END # STYLE
    END # CLASS
    CLASS
      NAME "-100.0000 - -60.0000"
      EXPRESSION ( ([elev]  > -100) And ([elev]  <= -60))
      STYLE
        COLOR 146 197 222
        WIDTH 1
      END # STYLE
      STYLE
        COLOR "#3939397f"
        OFFSET 0 -99
        WIDTH 0.3
      END # STYLE
    END # CLASS
    CLASS
      NAME "-60.0000 - -20.0000"
      EXPRESSION ( ([elev]  > -60) And ([elev]  <= -20)) 
      STYLE
        COLOR 196 222 234
        WIDTH 1
      END # STYLE
      STYLE
        COLOR "#3939397f"
        OFFSET 0 -99
        WIDTH 0.3
      END # STYLE
    END # CLASS
    CLASS
      NAME "-20.0000 - 20.0000"
      EXPRESSION  ( ([elev]  > -20) And ([elev]  <= 20))
      STYLE
        COLOR 247 247 247
        WIDTH 1
      END # STYLE
      STYLE
        COLOR "#3939397f"
        OFFSET 0 -99
       WIDTH 0.3
      END # STYLE
    END # CLASS
    CLASS
      NAME "20.0000 - 60.0000"
      EXPRESSION ( ([elev]  > 20) And ([elev]  <= 60))
      STYLE
        COLOR 245 356 188
        WIDTH 1
      END # STYLE
      STYLE
        COLOR "#3939397f"
        OFFSET 0 -99
        WIDTH 0.3
      END # STYLE
    END # CLASS
    CLASS
      NAME "60.0000 - 100.0000"
      EXPRESSION ( ([elev]  > 60) And ([elev]  <= 100))
      STYLE
        COLOR 244 165 130
        WIDTH 1
      END # STYLE
      STYLE
        COLOR "#3939397f"
        OFFSET 0 -99
        WIDTH 0.3
      END # STYLE
    END # CLASS
    CLASS
      NAME "100.0000 - 140.0000"
      EXPRESSION ( ([elev]  > 100) And ([elev]  <= 140))
      STYLE
        COLOR 223 82 81
        WIDTH 1 
      END # STYLE
      STYLE
        COLOR "#3939397f"
        OFFSET 0 -99
        WIDTH 0.3
      END # STYLE
    END # CLASS
    CLASS
      NAME "140.0000 - 180.0000"
      EXPRESSION ( ([elev]  > 140) And ([elev]  <= 180))
      STYLE
        COLOR 202 0 32
        WIDTH 1 
      END # STYLE
      STYLE
        COLOR "#3939397f"
        OFFSET 0 -99
        WIDTH 0.3
      END # STYLE
    END # CLASS
    CLASS

  END # LAYER
  ##########################
  ## end layer definition ##
  ##########################


  ############################
  ## start layer definition ##
  ############################
  LAYER
    METADATA
      "ows_title"   "Inclination"
    END # METADATA
    NAME "Inclination"
    PROJECTION
      "proj=longlat"
      "ellps=WGS84"
      "no_defs"
    END # PROJECTION
    STATUS ON
    TILEITEM "location"
    TYPE LINE

    CLASS
      NAME "-180.0000 - -140.0000"
      EXPRESSION ( ([elev]  > -180) And ([elev]  <= -140)) 
      STYLE
        COLOR 5 113 176
        WIDTH 1
      END # STYLE
      STYLE
        COLOR "#3939397f"
        OFFSET 0 -99
        WIDTH 0.3
      END # STYLE
    END # CLASS
    CLASS
      NAME "-140.0000 - -100.0000"
      EXPRESSION ( ([elev]  > -140) And ([elev]  <= -100)) 
      STYLE
        COLOR 75 155 199
        WIDTH 1
      END # STYLE
      STYLE
        COLOR "#3939397f"
        OFFSET 0 -99
        WIDTH 0.3
      END # STYLE
    END # CLASS
    CLASS
      NAME "-100.0000 - -60.0000"
      EXPRESSION ( ([elev]  > -100) And ([elev]  <= -60))
      STYLE
        COLOR 146 197 222
        WIDTH 1
      END # STYLE
      STYLE
        COLOR "#3939397f"
        OFFSET 0 -99
        WIDTH 0.3
      END # STYLE
    END # CLASS
    CLASS
      NAME "-60.0000 - -20.0000"
      EXPRESSION ( ([elev]  > -60) And ([elev]  <= -20)) 
      STYLE
        COLOR 196 222 234
        WIDTH 1
      END # STYLE
      STYLE
        COLOR "#3939397f"
        OFFSET 0 -99
        WIDTH 0.3
      END # STYLE
    END # CLASS
    CLASS
      NAME "-20.0000 - 20.0000"
      EXPRESSION  ( ([elev]  > -20) And ([elev]  <= 20))
      STYLE
        COLOR 247 247 247
        WIDTH 1
      END # STYLE
      STYLE
        COLOR "#3939397f"
        OFFSET 0 -99
       WIDTH 0.3
      END # STYLE
    END # CLASS
    CLASS
      NAME "20.0000 - 60.0000"
      EXPRESSION ( ([elev]  > 20) And ([elev]  <= 60))
      STYLE
        COLOR 245 356 188
        WIDTH 1
      END # STYLE
      STYLE
        COLOR "#3939397f"
        OFFSET 0 -99
        WIDTH 0.3
      END # STYLE
    END # CLASS
    CLASS
      NAME "60.0000 - 100.0000"
      EXPRESSION ( ([elev]  > 60) And ([elev]  <= 100))
      STYLE
        COLOR 244 165 130
        WIDTH 1
      END # STYLE
      STYLE
        COLOR "#3939397f"
        OFFSET 0 -99
        WIDTH 0.3
      END # STYLE
    END # CLASS
    CLASS
      NAME "100.0000 - 140.0000"
      EXPRESSION ( ([elev]  > 100) And ([elev]  <= 140))
      STYLE
        COLOR 223 82 81
        WIDTH 1 
      END # STYLE
      STYLE
        COLOR "#3939397f"
        OFFSET 0 -99
        WIDTH 0.3
      END # STYLE
    END # CLASS
    CLASS
      NAME "140.0000 - 180.0000"
      EXPRESSION ( ([elev]  > 140) And ([elev]  <= 180))
      STYLE
        COLOR 202 0 32
        WIDTH 1 
      END # STYLE
      STYLE
        COLOR "#3939397f"
        OFFSET 0 -99
        WIDTH 0.3
      END # STYLE
    END # CLASS
    CLASS

  END # LAYER
  ##########################
  ## end layer definition ##
  ##########################


  ############################
  ## start layer definition ##
  ############################
  LAYER
    METADATA
      "ows_title"   "F"
    END # METADATA
    NAME "F"
    PROJECTION
      "proj=longlat"
      "ellps=WGS84"
      "no_defs"
    END # PROJECTION
    STATUS ON
    TILEITEM "location"
    TYPE LINE

    CLASS
      NAME "20000 - 26250"
      EXPRESSION ( ([elev]  > 20000) And ([elev]  <= 26250)) 
      STYLE
        COLOR 255 245 240
        WIDTH 1
      END # STYLE
      STYLE
        COLOR "#3939397f"
        OFFSET 0 -99
        WIDTH 0.3
      END # STYLE
    END # CLASS
    CLASS
      NAME "26250 - 32500"
      EXPRESSION ( ([elev]  > 26250) And ([elev]  <= 32500)) 
      STYLE
        COLOR 253 220 205
        WIDTH 1
      END # STYLE
      STYLE
        COLOR "#3939397f"
        OFFSET 0 -99
        WIDTH 0.3
      END # STYLE
    END # CLASS
    CLASS
      NAME "32500 - 38750"
      EXPRESSION ( ([elev]  > 32500) And ([elev]  <= 38750))
      STYLE
        COLOR 252 178 151
        WIDTH 1
      END # STYLE
      STYLE
        COLOR "#3939397f"
        OFFSET 0 -99
        WIDTH 0.3
      END # STYLE
    END # CLASS
    CLASS
      NAME "38750 - 45000"
      EXPRESSION ( ([elev]  > 38750) And ([elev]  <= 45000)) 
      STYLE
        COLOR 251 134 102
        WIDTH 1
      END # STYLE
      STYLE
        COLOR "#3939397f"
        OFFSET 0 -99
        WIDTH 0.3
      END # STYLE
    END # CLASS
    CLASS
      NAME "45000 - 51250"
      EXPRESSION  ( ([elev]  > 45000) And ([elev]  <= 51250))
      STYLE
        COLOR 246 87 62
        WIDTH 1
      END # STYLE
      STYLE
        COLOR "#3939397f"
        OFFSET 0 -99
       WIDTH 0.3
      END # STYLE
    END # CLASS
    CLASS
      NAME "51250 - 57500"
      EXPRESSION ( ([elev]  > 51250) And ([elev]  <= 57500))
      STYLE
        COLOR 221 41 36
        WIDTH 1
      END # STYLE
      STYLE
        COLOR "#3939397f"
        OFFSET 0 -99
        WIDTH 0.3
      END # STYLE
    END # CLASS
    CLASS
      NAME "57500 - 63750"
      EXPRESSION ( ([elev]  > 57500) And ([elev]  <= 63750))
      STYLE
        COLOR 178 18 23
        WIDTH 1
      END # STYLE
      STYLE
        COLOR "#3939397f"
        OFFSET 0 -99
        WIDTH 0.3
      END # STYLE
    END # CLASS
    CLASS
      NAME "63750 - 70000"
      EXPRESSION ( ([elev]  > 63750) And ([elev]  <= 70000))
      STYLE
        COLOR 103 0 13
        WIDTH 1 
      END # STYLE
      STYLE
        COLOR "#3939397f"
        OFFSET 0 -99
        WIDTH 0.3
      END # STYLE
    END # CLASS

  END # LAYER
  ##########################
  ## end layer definition ##
  ##########################


  ############################
  ## start layer definition ##
  ############################
  LAYER
    METADATA
      "ows_title"   "H"
    END # METADATA
    NAME "H"
    PROJECTION
      "proj=longlat"
      "ellps=WGS84"
      "no_defs"
    END # PROJECTION
    STATUS ON
    TILEITEM "location"
    TYPE LINE

    CLASS
      NAME "0 - 5625"
      EXPRESSION ( ([elev]  > 0) And ([elev]  <= 5625)) 
      STYLE
        COLOR 255 245 240
        WIDTH 1
      END # STYLE
      STYLE
        COLOR "#3939397f"
        OFFSET 0 -99
        WIDTH 0.3
      END # STYLE
    END # CLASS
    CLASS
      NAME "5625 - 11250"
      EXPRESSION ( ([elev]  > 5625) And ([elev]  <= 11250)) 
      STYLE
        COLOR 253 220 205
        WIDTH 1
      END # STYLE
      STYLE
        COLOR "#3939397f"
        OFFSET 0 -99
        WIDTH 0.3
      END # STYLE
    END # CLASS
    CLASS
      NAME "11250 - 16875"
      EXPRESSION ( ([elev]  > 11250) And ([elev]  <= 16875))
      STYLE
        COLOR 252 178 151
        WIDTH 1
      END # STYLE
      STYLE
        COLOR "#3939397f"
        OFFSET 0 -99
        WIDTH 0.3
      END # STYLE
    END # CLASS
    CLASS
      NAME "16875 - 22500"
      EXPRESSION ( ([elev]  > 16875) And ([elev]  <= 22500)) 
      STYLE
        COLOR 251 134 102
        WIDTH 1
      END # STYLE
      STYLE
        COLOR "#3939397f"
        OFFSET 0 -99
        WIDTH 0.3
      END # STYLE
    END # CLASS
    CLASS
      NAME "22500 - 28125"
      EXPRESSION  ( ([elev]  > 22500) And ([elev]  <= 28125))
      STYLE
        COLOR 246 87 62
        WIDTH 1
      END # STYLE
      STYLE
        COLOR "#3939397f"
        OFFSET 0 -99
       WIDTH 0.3
      END # STYLE
    END # CLASS
    CLASS
      NAME "28125 - 33750"
      EXPRESSION ( ([elev]  > 28125) And ([elev]  <= 33750))
      STYLE
        COLOR 221 41 36
        WIDTH 1
      END # STYLE
      STYLE
        COLOR "#3939397f"
        OFFSET 0 -99
        WIDTH 0.3
      END # STYLE
    END # CLASS
    CLASS
      NAME "33750 - 39375"
      EXPRESSION ( ([elev]  > 33750) And ([elev]  <= 39375))
      STYLE
        COLOR 178 18 23
        WIDTH 1
      END # STYLE
      STYLE
        COLOR "#3939397f"
        OFFSET 0 -99
        WIDTH 0.3
      END # STYLE
    END # CLASS
    CLASS
      NAME "39375 - 45000"
      EXPRESSION ( ([elev]  > 39375) And ([elev]  <= 45000))
      STYLE
        COLOR 103 0 13
        WIDTH 1 
      END # STYLE
      STYLE
        COLOR "#3939397f"
        OFFSET 0 -99
        WIDTH 0.3
      END # STYLE
    END # CLASS

  END # LAYER
  ##########################
  ## end layer definition ##
  ##########################


  ############################
  ## start layer definition ##
  ############################
  LAYER
    METADATA
      "ows_title"   "X"
    END # METADATA
    NAME "X"
    PROJECTION
      "proj=longlat"
      "ellps=WGS84"
      "no_defs"
    END # PROJECTION
    STATUS ON
    TILEITEM "location"
    TYPE LINE

    CLASS
      NAME "-45000 - -33750"
      EXPRESSION ( ([elev]  > -45000) And ([elev]  <= -33750)) 
      STYLE
        COLOR 5 113 176
        WIDTH 1
      END # STYLE
      STYLE
        COLOR "#3939397f"
        OFFSET 0 -99
        WIDTH 0.3
      END # STYLE
    END # CLASS
    CLASS
      NAME "-33750 - -22500"
      EXPRESSION ( ([elev]  > -33750) And ([elev]  <= -22500)) 
      STYLE
        COLOR 85 161 202
        WIDTH 1
      END # STYLE
      STYLE
        COLOR "#3939397f"
        OFFSET 0 -99
        WIDTH 0.3
      END # STYLE
    END # CLASS
    CLASS
      NAME "-22500 - -11250"
      EXPRESSION ( ([elev]  > -22500) And ([elev]  <= -11250))
      STYLE
        COLOR 160 204 225
        WIDTH 1
      END # STYLE
      STYLE
        COLOR "#3939397f"
        OFFSET 0 -99
        WIDTH 0.3
      END # STYLE
    END # CLASS
    CLASS
      NAME "-11250 - 0"
      EXPRESSION ( ([elev]  > -11250) And ([elev]  <= 0)) 
      STYLE
        COLOR 218 232 239
        WIDTH 1
      END # STYLE
      STYLE
        COLOR "#3939397f"
        OFFSET 0 -99
        WIDTH 0.3
      END # STYLE
    END # CLASS
    CLASS
      NAME "0 - 11250"
      EXPRESSION  ( ([elev]  > 0) And ([elev]  <= 11250))
      STYLE
        COLOR 246 223 213
        WIDTH 1
      END # STYLE
      STYLE
        COLOR "#3939397f"
        OFFSET 0 -99
       WIDTH 0.3
      END # STYLE
    END # CLASS
    CLASS
      NAME "11250 - 22500"
      EXPRESSION ( ([elev]  > 11250) And ([elev]  <= 22500))
      STYLE
        COLOR 244 176 146
        WIDTH 1
      END # STYLE
      STYLE
        COLOR "#3939397f"
        OFFSET 0 -99
        WIDTH 0.3
      END # STYLE
    END # CLASS
    CLASS
      NAME "22500 - 33750"
      EXPRESSION ( ([elev]  > 22500) And ([elev]  <= 33750))
      STYLE
        COLOR 226 94 88
        WIDTH 1
      END # STYLE
      STYLE
        COLOR "#3939397f"
        OFFSET 0 -99
        WIDTH 0.3
      END # STYLE
    END # CLASS
    CLASS
      NAME "33750 - 45000"
      EXPRESSION ( ([elev]  > 33750) And ([elev]  <= 45000))
      STYLE
        COLOR 202 0 32
        WIDTH 1 
      END # STYLE
      STYLE
        COLOR "#3939397f"
        OFFSET 0 -99
        WIDTH 0.3
      END # STYLE
    END # CLASS

  END # LAYER
  ##########################
  ## end layer definition ##
  ##########################


  ############################
  ## start layer definition ##
  ############################
  LAYER
    METADATA
      "ows_title"   "Y"
    END # METADATA
    NAME "Y"
    PROJECTION
      "proj=longlat"
      "ellps=WGS84"
      "no_defs"
    END # PROJECTION
    STATUS ON
    TILEITEM "location"
    TYPE LINE

    CLASS
      NAME "-20000 - -15000"
      EXPRESSION ( ([elev]  > -20000) And ([elev]  <= -15000)) 
      STYLE
        COLOR 5 113 176
        WIDTH 1
      END # STYLE
      STYLE
        COLOR "#3939397f"
        OFFSET 0 -99
        WIDTH 0.3
      END # STYLE
    END # CLASS
    CLASS
      NAME "-15000 - -10000"
      EXPRESSION ( ([elev]  > -15000) And ([elev]  <= -10000)) 
      STYLE
        COLOR 85 161 202
        WIDTH 1
      END # STYLE
      STYLE
        COLOR "#3939397f"
        OFFSET 0 -99
        WIDTH 0.3
      END # STYLE
    END # CLASS
    CLASS
      NAME "-10000 - -5000"
      EXPRESSION ( ([elev]  > -10000) And ([elev]  <= -5000))
      STYLE
        COLOR 160 204 225
        WIDTH 1
      END # STYLE
      STYLE
        COLOR "#3939397f"
        OFFSET 0 -99
        WIDTH 0.3
      END # STYLE
    END # CLASS
    CLASS
      NAME "-5000 - 0"
      EXPRESSION ( ([elev]  > -5000) And ([elev]  <= 0)) 
      STYLE
        COLOR 218 232 239
        WIDTH 1
      END # STYLE
      STYLE
        COLOR "#3939397f"
        OFFSET 0 -99
        WIDTH 0.3
      END # STYLE
    END # CLASS
    CLASS
      NAME "0 - 5000"
      EXPRESSION  ( ([elev]  > 0) And ([elev]  <= 5000))
      STYLE
        COLOR 246 223 213
        WIDTH 1
      END # STYLE
      STYLE
        COLOR "#3939397f"
        OFFSET 0 -99
       WIDTH 0.3
      END # STYLE
    END # CLASS
    CLASS
      NAME "5000 - 10000"
      EXPRESSION ( ([elev]  > 5000) And ([elev]  <= 10000))
      STYLE
        COLOR 244 176 146
        WIDTH 1
      END # STYLE
      STYLE
        COLOR "#3939397f"
        OFFSET 0 -99
        WIDTH 0.3
      END # STYLE
    END # CLASS
    CLASS
      NAME "10000 - 15000"
      EXPRESSION ( ([elev]  > 10000) And ([elev]  <= 15000))
      STYLE
        COLOR 226 94 88
        WIDTH 1
      END # STYLE
      STYLE
        COLOR "#3939397f"
        OFFSET 0 -99
        WIDTH 0.3
      END # STYLE
    END # CLASS
    CLASS
      NAME "15000 - 20000"
      EXPRESSION ( ([elev]  > 15000) And ([elev]  <= 20000))
      STYLE
        COLOR 202 0 32
        WIDTH 1 
      END # STYLE
      STYLE
        COLOR "#3939397f"
        OFFSET 0 -99
        WIDTH 0.3
      END # STYLE
    END # CLASS

  END # LAYER
  ##########################
  ## end layer definition ##
  ##########################


  ############################
  ## start layer definition ##
  ############################
  LAYER
    METADATA
      "ows_title"   "Z"
    END # METADATA
    NAME "Z"
    PROJECTION
      "proj=longlat"
      "ellps=WGS84"
      "no_defs"
    END # PROJECTION
    STATUS ON
    TILEITEM "location"
    TYPE LINE

    CLASS
      NAME "-70000 - -52500"
      EXPRESSION ( ([elev]  > -70000) And ([elev]  <= -52500)) 
      STYLE
        COLOR 5 113 176
        WIDTH 1
      END # STYLE
      STYLE
        COLOR "#3939397f"
        OFFSET 0 -99
        WIDTH 0.3
      END # STYLE
    END # CLASS
    CLASS
      NAME "-52500 - -35000"
      EXPRESSION ( ([elev]  > -52500) And ([elev]  <= -35000)) 
      STYLE
        COLOR 85 161 202
        WIDTH 1
      END # STYLE
      STYLE
        COLOR "#3939397f"
        OFFSET 0 -99
        WIDTH 0.3
      END # STYLE
    END # CLASS
    CLASS
      NAME "-35000 - -17500"
      EXPRESSION ( ([elev]  > -35000) And ([elev]  <= -17500))
      STYLE
        COLOR 160 204 225
        WIDTH 1
      END # STYLE
      STYLE
        COLOR "#3939397f"
        OFFSET 0 -99
        WIDTH 0.3
      END # STYLE
    END # CLASS
    CLASS
      NAME "-17500 - 0"
      EXPRESSION ( ([elev]  > -17500) And ([elev]  <= 0)) 
      STYLE
        COLOR 218 232 239
        WIDTH 1
      END # STYLE
      STYLE
        COLOR "#3939397f"
        OFFSET 0 -99
        WIDTH 0.3
      END # STYLE
    END # CLASS
    CLASS
      NAME "0 - 17500"
      EXPRESSION  ( ([elev]  > 0) And ([elev]  <= 17500))
      STYLE
        COLOR 246 223 213
        WIDTH 1
      END # STYLE
      STYLE
        COLOR "#3939397f"
        OFFSET 0 -99
       WIDTH 0.3
      END # STYLE
    END # CLASS
    CLASS
      NAME "17500 - 35000"
      EXPRESSION ( ([elev]  > 17500) And ([elev]  <= 35000))
      STYLE
        COLOR 244 176 146
        WIDTH 1
      END # STYLE
      STYLE
        COLOR "#3939397f"
        OFFSET 0 -99
        WIDTH 0.3
      END # STYLE
    END # CLASS
    CLASS
      NAME "35000 - 52500"
      EXPRESSION ( ([elev]  > 35000) And ([elev]  <= 52500))
      STYLE
        COLOR 226 94 88
        WIDTH 1
      END # STYLE
      STYLE
        COLOR "#3939397f"
        OFFSET 0 -99
        WIDTH 0.3
      END # STYLE
    END # CLASS
    CLASS
      NAME "52500 - 70000"
      EXPRESSION ( ([elev]  > 52500) And ([elev]  <= 70000))
      STYLE
        COLOR 202 0 32
        WIDTH 1 
      END # STYLE
      STYLE
        COLOR "#3939397f"
        OFFSET 0 -99
        WIDTH 0.3
      END # STYLE
    END # CLASS

  END # LAYER
  ##########################
  ## end layer definition ##
  ##########################

END # MAP

